#
# Includes for output format declarations..
#


OUTPUTFORMAT
  NAME aggpng24
  DRIVER AGG/PNG
  MIMETYPE "image/png"
  IMAGEMODE RGBA
  EXTENSION "png"
  FORMATOPTION "INTERLACE=OFF"
END
OUTPUTFORMAT
  NAME gif
  DRIVER "GD/GIF"
  MIMETYPE "image/gif"
  IMAGEMODE PC256
  EXTENSION "gif"
END
OUTPUTFORMAT
  NAME png
  DRIVER "GD/PNG"
  MIMETYPE "image/png"
  IMAGEMODE RGBA
  EXTENSION "png"
  FORMATOPTION "INTERLACE=OFF"
END
OUTPUTFORMAT
  NAME jpeg
  DRIVER "GD/JPEG"
  MIMETYPE "image/jpeg"
  IMAGEMODE RGB
  EXTENSION "jpg"
END
OUTPUTFORMAT
  NAME wbmp
  DRIVER "GD/WBMP"
  MIMETYPE "image/wbmp"
  IMAGEMODE PC256
  EXTENSION "wbmp"
END
OUTPUTFORMAT
  NAME GTiff
  DRIVER "GDAL/GTiff"
  MIMETYPE "image/tiff"
  IMAGEMODE RGB
  EXTENSION "tif"
  #FORMATOPTION "COMPRESS=DEFLATE"
  #FORMATOPTION "ZLEVEL=9"
  FORMATOPTION "COMPRESS=LZW"
  FORMATOPTION "TILED=YES"
END

OUTPUTFORMAT
  NAME GTiff
  DRIVER "GDAL/GTiff"
  MIMETYPE "image/tiff_jpeg"
  IMAGEMODE RGB
  EXTENSION "tif"
  FORMATOPTION "PHOTOMETRIC=YCBCR"
  FORMATOPTION "COMPRESS=JPEG"
  FORMATOPTION "TILED=YES"
END

 
OUTPUTFORMAT
  NAME png24
  DRIVER "GD/PNG"
  MIMETYPE "image/png24"
  IMAGEMODE RGBA
  EXTENSION "png"
  FORMATOPTION "INTERLACE=OFF"
END

OUTPUTFORMAT
  NAME jpeg
  DRIVER "GD/JPEG"
  MIMETYPE "image/jpg"
  IMAGEMODE RGB
  EXTENSION "jpg"
END

#OUTPUTFORMAT
  #NAME png
  #DRIVER "GD/PNG"
  #MIMETYPE "image/png"
  #IMAGEMODE RGBA
  #EXTENSION "png"
  #FORMATOPTION "INTERLACE=OFF"
#END
