#
# Includes for output format declarations..
#


OUTPUTFORMAT
  NAME aggpng24
  DRIVER AGG/PNG
  MIMETYPE "image/png"
  IMAGEMODE RGBA
  EXTENSION "png"
  FORMATOPTION "INTERLACE=OFF"
END
OUTPUTFORMAT
  NAME aggpng24
  DRIVER AGG/PNG
  MIMETYPE "image/png24"
  IMAGEMODE RGBA
  EXTENSION "png"
  FORMATOPTION "INTERLACE=OFF"
END

OUTPUTFORMAT
  NAME GTiff
  DRIVER "GDAL/GTiff"
  MIMETYPE "image/tiff"
  IMAGEMODE RGB
  EXTENSION "tif"
  #FORMATOPTION "COMPRESS=DEFLATE"
  #FORMATOPTION "ZLEVEL=9"
  FORMATOPTION "COMPRESS=LZW"
  FORMATOPTION "TILED=YES"
END

OUTPUTFORMAT
  NAME PNG16
  DRIVER "GDAL/PNG"
  #DRIVER CAIRO/PNG
  #DRIVER "AGG/PNG" 
  MIMETYPE "image/png16"
  IMAGEMODE INT16
  EXTENSION "PNG"
END


OUTPUTFORMAT
  NAME GTiff
  DRIVER "GDAL/GTiff"
  MIMETYPE "image/tiff_jpeg"
  IMAGEMODE RGB
  EXTENSION "tif"
  #FORMATOPTION "PHOTOMETRIC=YCBCR"
  FORMATOPTION "COMPRESS=JPEG"
  FORMATOPTION "TILED=YES"
END

OUTPUTFORMAT
  NAME jpeg
  DRIVER "AGG/JPEG"
  MIMETYPE "image/jpg"
  IMAGEMODE RGB
  EXTENSION "jpg"
END

OUTPUTFORMAT
  NAME jpeg
  DRIVER "AGG/JPEG"
  MIMETYPE "image/jpeg"
  IMAGEMODE RGB
  EXTENSION "jpg"
END

